Error logged at 2025-12-10 15:04:40
Medium ACR QA caused an error during processing, the error is displayed below 

Error:
Traceback (most recent call last):
  File "/Users/mri/Documents/QA-Bot/MedACRFrameworkCode/Scottish-Medium-ACR-Analysis-Framework-main/hazenlib/tasks/acr_spatial_resolution.py", line 135, in run
    HorContrastResponse, VertContrastResponse = self.get_ContrastResponse(mtf_dcm)
  File "/Users/mri/Documents/QA-Bot/MedACRFrameworkCode/Scottish-Medium-ACR-Analysis-Framework-main/hazenlib/tasks/acr_spatial_resolution.py", line 1005, in get_ContrastResponse
    UpperRect,LowerRect= GetCutOffs(img)
  File "/Users/mri/Documents/QA-Bot/MedACRFrameworkCode/Scottish-Medium-ACR-Analysis-Framework-main/hazenlib/tasks/acr_spatial_resolution.py", line 949, in GetCutOffs
    raise Exception("Unable to find 3 regions in binary image, try the manual option")
Exception: Unable to find 3 regions in binary image, try the manual option

During handling of the above exception, another exception occurred:

Traceback (most recent call last):
  File "/Users/mri/Documents/QA-Bot/QABot.py", line 118, in RunBot
    ResultDict = QAObj.RunAnalysis(filesDict)
  File "/Users/mri/Documents/QA-Bot/MedACRQA_Object.py", line 78, in RunAnalysis
    MedACRAnalysis.RunAnalysis(sequence,files["folder"],self.TempResults,RunAll=True, RunSNR=True, RunGeoAcc=True, RunSpatialRes=True, RunUniformity=True, RunGhosting=True, RunSlicePos=True, RunSliceThickness=True)
  File "/Users/mri/Documents/QA-Bot/MedACRFrameworkCode/Scottish-Medium-ACR-Analysis-Framework-main/MedACRAnalysisV2.py", line 70, in RunAnalysis
    RunAnalysisWithData(Data,Seq,OutputPath,RunAll=RunAll, RunSNR=RunSNR, RunGeoAcc=RunGeoAcc, RunSpatialRes=RunSpatialRes, RunUniformity=RunUniformity, RunGhosting=RunGhosting, RunSlicePos=RunSlicePos, RunSliceThickness=RunSliceThickness)
  File "/Users/mri/Documents/QA-Bot/MedACRFrameworkCode/Scottish-Medium-ACR-Analysis-Framework-main/MedACRAnalysisV2.py", line 150, in RunAnalysisWithData
    module.Run()
  File "/Users/mri/Documents/QA-Bot/MedACRFrameworkCode/Scottish-Medium-ACR-Analysis-Framework-main/MedACRModules/Spatial_res_Module.py", line 30, in Run
    self.results = acr_spatial_resolution_task.run()
  File "/Users/mri/Documents/QA-Bot/MedACRFrameworkCode/Scottish-Medium-ACR-Analysis-Framework-main/hazenlib/tasks/acr_spatial_resolution.py", line 157, in run
    raise Exception(e)
Exception: Unable to find 3 regions in binary image, try the manual option




Error logged at 2026-01-08 20:05:45
Medium ACR QA caused an error during processing, the error is displayed below 

Error:
Traceback (most recent call last):
  File "/Users/mri/opt/miniconda3/envs/QABot/lib/python3.10/shutil.py", line 816, in move
    os.rename(src, real_dst)
PermissionError: [Errno 13] Permission denied: 'MedACRFrameworkCode/Scottish-Medium-ACR-Analysis-Framework-main/TempResults/ACRSNR' -> '/Users/mri/Desktop/QA/Archive/MedACRQA_MRI1_2026-01-08 19-29-17/ACRSNR/ACRSNR'

During handling of the above exception, another exception occurred:

Traceback (most recent call last):
  File "/Users/mri/Documents/QA-Bot/QABot.py", line 136, in RunBot
    QAObj.CleanUpFiles(filesDict,ResultDict)
  File "/Users/mri/Documents/QA-Bot/MedACRQA_Object.py", line 219, in CleanUpFiles
    shutil.move(src, dst)
  File "/Users/mri/opt/miniconda3/envs/QABot/lib/python3.10/shutil.py", line 832, in move
    copytree(src, real_dst, copy_function=copy_function,
  File "/Users/mri/opt/miniconda3/envs/QABot/lib/python3.10/shutil.py", line 559, in copytree
    return _copytree(entries=entries, src=src, dst=dst, symlinks=symlinks,
  File "/Users/mri/opt/miniconda3/envs/QABot/lib/python3.10/shutil.py", line 457, in _copytree
    os.makedirs(dst, exist_ok=dirs_exist_ok)
  File "/Users/mri/opt/miniconda3/envs/QABot/lib/python3.10/os.py", line 225, in makedirs
    mkdir(name, mode)
PermissionError: [Errno 13] Permission denied: '/Users/mri/Desktop/QA/Archive/MedACRQA_MRI1_2026-01-08 19-29-17/ACRSNR/ACRSNR'




