Error logged at 2025-12-10 15:04:40
Medium ACR QA caused an error during processing, the error is displayed below 

Error:
Traceback (most recent call last):
  File "/Users/mri/Documents/QA-Bot/MedACRFrameworkCode/Scottish-Medium-ACR-Analysis-Framework-main/hazenlib/tasks/acr_spatial_resolution.py", line 135, in run
    HorContrastResponse, VertContrastResponse = self.get_ContrastResponse(mtf_dcm)
  File "/Users/mri/Documents/QA-Bot/MedACRFrameworkCode/Scottish-Medium-ACR-Analysis-Framework-main/hazenlib/tasks/acr_spatial_resolution.py", line 1005, in get_ContrastResponse
    UpperRect,LowerRect= GetCutOffs(img)
  File "/Users/mri/Documents/QA-Bot/MedACRFrameworkCode/Scottish-Medium-ACR-Analysis-Framework-main/hazenlib/tasks/acr_spatial_resolution.py", line 949, in GetCutOffs
    raise Exception("Unable to find 3 regions in binary image, try the manual option")
Exception: Unable to find 3 regions in binary image, try the manual option

During handling of the above exception, another exception occurred:

Traceback (most recent call last):
  File "/Users/mri/Documents/QA-Bot/QABot.py", line 118, in RunBot
    ResultDict = QAObj.RunAnalysis(filesDict)
  File "/Users/mri/Documents/QA-Bot/MedACRQA_Object.py", line 78, in RunAnalysis
    MedACRAnalysis.RunAnalysis(sequence,files["folder"],self.TempResults,RunAll=True, RunSNR=True, RunGeoAcc=True, RunSpatialRes=True, RunUniformity=True, RunGhosting=True, RunSlicePos=True, RunSliceThickness=True)
  File "/Users/mri/Documents/QA-Bot/MedACRFrameworkCode/Scottish-Medium-ACR-Analysis-Framework-main/MedACRAnalysisV2.py", line 70, in RunAnalysis
    RunAnalysisWithData(Data,Seq,OutputPath,RunAll=RunAll, RunSNR=RunSNR, RunGeoAcc=RunGeoAcc, RunSpatialRes=RunSpatialRes, RunUniformity=RunUniformity, RunGhosting=RunGhosting, RunSlicePos=RunSlicePos, RunSliceThickness=RunSliceThickness)
  File "/Users/mri/Documents/QA-Bot/MedACRFrameworkCode/Scottish-Medium-ACR-Analysis-Framework-main/MedACRAnalysisV2.py", line 150, in RunAnalysisWithData
    module.Run()
  File "/Users/mri/Documents/QA-Bot/MedACRFrameworkCode/Scottish-Medium-ACR-Analysis-Framework-main/MedACRModules/Spatial_res_Module.py", line 30, in Run
    self.results = acr_spatial_resolution_task.run()
  File "/Users/mri/Documents/QA-Bot/MedACRFrameworkCode/Scottish-Medium-ACR-Analysis-Framework-main/hazenlib/tasks/acr_spatial_resolution.py", line 157, in run
    raise Exception(e)
Exception: Unable to find 3 regions in binary image, try the manual option




